apiVersion: v1
data:
  prv: t-silent-test-1234/c-green-test-1234/robusta/private
  pub: t-silent-test-1234/c-green-test-1234/robusta/public
kind: Secret
metadata:
  name: robusta-auth-config-secret
  namespace: syn-robusta
type: Opaque
