apiVersion: v1
data:
  active_playbooks.yaml: cGxheWJvb2tfcmVwb3M6CiAgcm9idXN0YS1jaGFvczoKICAgIHVybDogaHR0cHM6Ly9naXRodWIuY29tL3JvYnVzdGEtZGV2L3JvYnVzdGEtY2hhb3MuZ2l0CnNpbmtzX2NvbmZpZzoKLSBkaXNjb3JkX3Npbms6CiAgICBuYW1lOiBwZXJzb25hbF9kaXNjb3JkX3NpbmsKICAgIHVybDogaHR0cHM6Ly93ZWJob29rCgpnbG9iYWxfY29uZmlnOgogIGNsdXN0ZXJfbmFtZTogYmFybi1raXR0ZW4KICBhY2NvdW50X2lkOiBteS1hY2NvdW50LWlkCiAgYWxlcnRtYW5hZ2VyX3VybDogaHR0cDovL2FsZXJ0bWFuYWdlci1hbGVydG1hbmFnZXItc3lzdGVtLmVmay1tb25pdG9yaW5nLXN5c3RlbS5zdmMuY2x1c3Rlci5sb2NhbDo5MDkzCiAgY2hlY2tfcHJvbWV0aGV1c19mbGFnczogdHJ1ZQogIGN1c3RvbV9hbm5vdGF0aW9uczogW10KICBncmFmYW5hX2FwaV9rZXk6ICIiCiAgZ3JhZmFuYV9kYXNoYm9hcmRfdWlkOiAiIgogIGdyYWZhbmFfdXJsOiAiIgogIHByb21ldGhldXNfdXJsOiBodHRwOi8vcHJvbWV0aGV1cy1zeXN0ZW0uZWZrLW1vbml0b3Jpbmctc3lzdGVtLnN2Yy5jbHVzdGVyLmxvY2FsOjkwOTAKICBzaWduaW5nX2tleTogbXktc2lnbmluZy1rZXkKCmFsZXJ0X3JlbGFiZWw6CiAgLSBvcGVyYXRpb246IGFkZAogICAgc291cmNlOiBwb2RfbmFtZQogICAgdGFyZ2V0OiBwb2QKCmxpZ2h0X2FjdGlvbnM6CiAgLSByZWxhdGVkX3BvZHMKICAtIHByb21ldGhldXNfZW5yaWNoZXIKICAtIGFkZF9zaWxlbmNlCiAgLSBkZWxldGVfcG9kCiAgLSBkZWxldGVfc2lsZW5jZQogIC0gZ2V0X3NpbGVuY2VzCiAgLSBsb2dzX2VucmljaGVyCiAgLSBwb2RfZXZlbnRzX2VucmljaGVyCiAgLSBkZXBsb3ltZW50X2V2ZW50c19lbnJpY2hlcgogIC0gam9iX2V2ZW50c19lbnJpY2hlcgogIC0gam9iX3BvZF9lbnJpY2hlcgogIC0gZ2V0X3Jlc291cmNlX3lhbWwKICAtIG5vZGVfY3B1X2VucmljaGVyCiAgLSBub2RlX2Rpc2tfYW5hbHl6ZXIKICAtIG5vZGVfcnVubmluZ19wb2RzX2VucmljaGVyCiAgLSBub2RlX2FsbG9jYXRhYmxlX3Jlc291cmNlc19lbnJpY2hlcgogIC0gbm9kZV9zdGF0dXNfZW5yaWNoZXIKICAtIG5vZGVfZ3JhcGhfZW5yaWNoZXIKICAtIG9vbWtpbGxlZF9jb250YWluZXJfZ3JhcGhfZW5yaWNoZXIKICAtIHBvZF9vb21fa2lsbGVyX2VucmljaGVyCiAgLSBvb21fa2lsbGVyX2VucmljaGVyCiAgLSB2b2x1bWVfYW5hbHlzaXMKICAtIHB5dGhvbl9wcm9maWxlcgogIC0gcG9kX3BzCiAgLSBweXRob25fbWVtb3J5CiAgLSBkZWJ1Z2dlcl9zdGFja190cmFjZQogIC0gcHl0aG9uX3Byb2Nlc3NfaW5zcGVjdG9yCiAgLSBwcm9tZXRoZXVzX2FsZXJ0CiAgLSBjcmVhdGVfcHZjX3NuYXBzaG90CiAgLSByZXNvdXJjZV9ldmVudHNfZW5yaWNoZXIKICAtIGRlbGV0ZV9qb2IKICAtIGxpc3RfcmVzb3VyY2VfbmFtZXMKICAtIG5vZGVfZG1lc2dfZW5yaWNoZXIKICAtIHN0YXR1c19lbnJpY2hlcgogIC0gcG9wZXllX3NjYW4KICAtIGtycl9zY2FuCiAgLSBoYW5kbGVfYWxlcnRtYW5hZ2VyX2V2ZW50CiAgLSBkcmFpbgogIC0gY29yZG9uCiAgLSB1bmNvcmRvbgogIC0gcm9sbG91dF9yZXN0YXJ0CiAgLSBwcm9tZXRoZXVzX2FsbF9hdmFpbGFibGVfbWV0cmljcwogIC0gcHJvbWV0aGV1c19nZXRfc2VyaWVzCgphY3RpdmVfcGxheWJvb2tzOgogIC0gYWN0aW9uczoKICAgIC0gbmFtZV9zaWxlbmNlcjoKICAgICAgICBuYW1lczoKICAgICAgICAtIFdhdGNoZG9nCiAgICAgICAgLSBLdWJlU2NoZWR1bGVyRG93bgogICAgICAgIC0gS3ViZUNvbnRyb2xsZXJNYW5hZ2VyRG93bgogICAgICAgIC0gSW5mb0luaGliaXRvcgogICAgdHJpZ2dlcnM6CiAgICAtIG9uX3Byb21ldGhldXNfYWxlcnQ6CiAgICAgICAgc3RhdHVzOiBhbGwKICAtIGFjdGlvbnM6CiAgICAtIG5hbWVfc2lsZW5jZXI6CiAgICAgICAgbmFtZXM6CiAgICAgICAgLSBldGNkSW5zdWZmaWNpZW50TWVtYmVycwogICAgICAgIC0gZXRjZE1lbWJlcnNEb3duCiAgICAgICAgLSBOb2RlQ2xvY2tOb3RTeW5jaHJvbmlzaW5nCiAgICAgICAgLSBQcm9tZXRoZXVzVFNEQkNvbXBhY3Rpb25zRmFpbGluZwogICAgdHJpZ2dlcnM6CiAgICAtIG9uX3Byb21ldGhldXNfYWxlcnQ6CiAgICAgICAgazhzX3Byb3ZpZGVyczoKICAgICAgICAtIE1pbmlrdWJlCiAgICAgICAgLSBLaW5kCiAgICAgICAgLSBSYW5jaGVyRGVza3RvcAogICAgICAgIHN0YXR1czogYWxsCiAgLSBhY3Rpb25zOgogICAgLSBuYW1lX3NpbGVuY2VyOgogICAgICAgIG5hbWVzOgogICAgICAgIC0gS3ViZWxldERvd24KICAgIHRyaWdnZXJzOgogICAgLSBvbl9wcm9tZXRoZXVzX2FsZXJ0OgogICAgICAgIGs4c19wcm92aWRlcnM6CiAgICAgICAgLSBHS0UKICAgICAgICBzdGF0dXM6IGFsbAogIC0gYWN0aW9uczoKICAgIC0gc2lsZW5jZV9hbGVydDoKICAgICAgICBsb2dfc2lsZW5jZTogdHJ1ZQogICAgdHJpZ2dlcnM6CiAgICAtIG9uX3Byb21ldGhldXNfYWxlcnQ6CiAgICAgICAgYWxlcnRfbmFtZTogQ1BVVGhyb3R0bGluZ0hpZ2gKICAgICAgICBrOHNfcHJvdmlkZXJzOgogICAgICAgIC0gRGlnaXRhbE9jZWFuCiAgICAgICAgcG9kX25hbWVfcHJlZml4OiBkby1ub2RlLWFnZW50CiAgLSBhY3Rpb25zOgogICAgLSB0YXJnZXRfZG93bl9kbnNfc2lsZW5jZXI6IHt9CiAgICB0cmlnZ2VyczoKICAgIC0gb25fcHJvbWV0aGV1c19hbGVydDoKICAgICAgICBhbGVydF9uYW1lOiBUYXJnZXREb3duCiAgLSBhY3Rpb25zOgogICAgLSByZXBvcnRfY3Jhc2hfbG9vcDoge30KICAgIHRyaWdnZXJzOgogICAgLSBvbl9wb2RfY3Jhc2hfbG9vcDoKICAgICAgICByZXN0YXJ0X3JlYXNvbjogQ3Jhc2hMb29wQmFja09mZgogIC0gYWN0aW9uczoKICAgIC0gaW1hZ2VfcHVsbF9iYWNrb2ZmX3JlcG9ydGVyOiB7fQogICAgdHJpZ2dlcnM6CiAgICAtIG9uX2ltYWdlX3B1bGxfYmFja29mZjoge30KICAtIGFjdGlvbnM6CiAgICAtIHBvZF9vb21fa2lsbGVyX2VucmljaGVyOgogICAgICAgIGF0dGFjaF9sb2dzOiB0cnVlCiAgICAgICAgY29udGFpbmVyX21lbW9yeV9ncmFwaDogdHJ1ZQogICAgICAgIG5vZGVfbWVtb3J5X2dyYXBoOiB0cnVlCiAgICBzdG9wOiB0cnVlCiAgICB0cmlnZ2VyczoKICAgIC0gb25fcG9kX29vbV9raWxsZWQ6CiAgICAgICAgcmF0ZV9saW1pdDogMzYwMAogIC0gYWN0aW9uczoKICAgIC0gbG9nc19lbnJpY2hlcjoge30KICAgIC0gcG9kX2V2ZW50c19lbnJpY2hlcjoge30KICAgIHRyaWdnZXJzOgogICAgLSBvbl9wcm9tZXRoZXVzX2FsZXJ0OgogICAgICAgIGFsZXJ0X25hbWU6IEt1YmVQb2RDcmFzaExvb3BpbmcKICAtIGFjdGlvbnM6CiAgICAtIHByb21ldGhldXNfcnVsZXNfZW5yaWNoZXI6IHt9CiAgICAtIGxvZ3NfZW5yaWNoZXI6CiAgICAgICAgZmlsdGVyX3JlZ2V4OiAuKkV2YWx1YXRpbmcgcnVsZSBmYWlsZWQuKgogICAgdHJpZ2dlcnM6CiAgICAtIG9uX3Byb21ldGhldXNfYWxlcnQ6CiAgICAgICAgYWxlcnRfbmFtZTogUHJvbWV0aGV1c1J1bGVGYWlsdXJlcwogIC0gYWN0aW9uczoKICAgIC0gY3B1X292ZXJjb21taXRlZF9lbnJpY2hlcjoge30KICAgIC0gZXh0ZXJuYWxfdmlkZW9fZW5yaWNoZXI6CiAgICAgICAgbmFtZTogQ1BVIE92ZXJjb21taXRlZAogICAgICAgIHVybDogaHR0cHM6Ly9iaXQubHkvb3ZlcmNvbW1pdC1jcHUKICAgIHRyaWdnZXJzOgogICAgLSBvbl9wcm9tZXRoZXVzX2FsZXJ0OgogICAgICAgIGFsZXJ0X25hbWU6IEt1YmVDUFVPdmVyY29tbWl0CiAgLSBhY3Rpb25zOgogICAgLSBtZW1vcnlfb3ZlcmNvbW1pdGVkX2VucmljaGVyOiB7fQogICAgLSBleHRlcm5hbF92aWRlb19lbnJpY2hlcjoKICAgICAgICBuYW1lOiBNZW1vcnkgT3ZlcmNvbW1pdGVkCiAgICAgICAgdXJsOiBodHRwczovL2JpdC5seS9tZW1vcnktb3ZlcmNvbW1pdAogICAgdHJpZ2dlcnM6CiAgICAtIG9uX3Byb21ldGhldXNfYWxlcnQ6CiAgICAgICAgYWxlcnRfbmFtZTogS3ViZU1lbW9yeU92ZXJjb21taXQKICAtIGFjdGlvbnM6CiAgICAtIGxvZ3NfZW5yaWNoZXI6IHt9CiAgICAtIHBvZF9ldmVudHNfZW5yaWNoZXI6IHt9CiAgICAtIHBvZF9pc3N1ZV9pbnZlc3RpZ2F0b3I6IHt9CiAgICB0cmlnZ2VyczoKICAgIC0gb25fcHJvbWV0aGV1c19hbGVydDoKICAgICAgICBhbGVydF9uYW1lOiBLdWJlUG9kTm90UmVhZHkKICAtIGFjdGlvbnM6CiAgICAtIHBvZF9pc3N1ZV9pbnZlc3RpZ2F0b3I6IHt9CiAgICAtIHBvZF9ldmVudHNfZW5yaWNoZXI6IHt9CiAgICB0cmlnZ2VyczoKICAgIC0gb25fcHJvbWV0aGV1c19hbGVydDoKICAgICAgICBhbGVydF9uYW1lOiBLdWJlQ29udGFpbmVyV2FpdGluZwogIC0gYWN0aW9uczoKICAgIC0gaHBhX21pc21hdGNoX2VucmljaGVyOiB7fQogICAgdHJpZ2dlcnM6CiAgICAtIG9uX3Byb21ldGhldXNfYWxlcnQ6CiAgICAgICAgYWxlcnRfbmFtZTogS3ViZUhwYVJlcGxpY2FzTWlzbWF0Y2gKICAtIGFjdGlvbnM6CiAgICAtIGpvYl9pbmZvX2VucmljaGVyOiB7fQogICAgLSBqb2JfZXZlbnRzX2VucmljaGVyOiB7fQogICAgLSBqb2JfcG9kX2VucmljaGVyOiB7fQogICAgdHJpZ2dlcnM6CiAgICAtIG9uX3Byb21ldGhldXNfYWxlcnQ6CiAgICAgICAgYWxlcnRfbmFtZTogS3ViZUpvYkZhaWxlZAogICAgLSBvbl9wcm9tZXRoZXVzX2FsZXJ0OgogICAgICAgIGFsZXJ0X25hbWU6IEt1YmVKb2JDb21wbGV0aW9uCiAgICAtIG9uX3Byb21ldGhldXNfYWxlcnQ6CiAgICAgICAgYWxlcnRfbmFtZTogS3ViZUpvYk5vdENvbXBsZXRlZAogIC0gYWN0aW9uczoKICAgIC0gYXBpX3NlcnZpY2Vfc3RhdHVzX2VucmljaGVyOiB7fQogICAgdHJpZ2dlcnM6CiAgICAtIG9uX3Byb21ldGhldXNfYWxlcnQ6CiAgICAgICAgYWxlcnRfbmFtZTogS3ViZUFnZ3JlZ2F0ZWRBUElEb3duCiAgLSBhY3Rpb25zOgogICAgLSBub2RlX3BvZHNfY2FwYWNpdHlfZW5yaWNoZXI6IHt9CiAgICAtIGFsZXJ0X2V4cGxhbmF0aW9uX2VucmljaGVyOgogICAgICAgIGFsZXJ0X2V4cGxhbmF0aW9uOiBUaGUgbm9kZSBpcyBhcHByb2FjaGluZyB0aGUgbWF4aW11bSBudW1iZXIgb2Ygc2NoZWR1bGVkIHBvZHMuCiAgICAgICAgcmVjb21tZW5kZWRfcmVzb2x1dGlvbjogVmVyaWZ5IHRoYXQgeW91IGRlZmluZWQgcHJvcGVyIHJlc291cmNlIHJlcXVlc3RzIGZvcgogICAgICAgICAgeW91ciB3b3JrbG9hZHMuIElmIHBvZHMgY2Fubm90IGJlIHNjaGVkdWxlZCwgYWRkIG1vcmUgbm9kZXMgdG8geW91ciBjbHVzdGVyLgogICAgdHJpZ2dlcnM6CiAgICAtIG9uX3Byb21ldGhldXNfYWxlcnQ6CiAgICAgICAgYWxlcnRfbmFtZTogS3ViZWxldFRvb01hbnlQb2RzCiAgLSBhY3Rpb25zOgogICAgLSBub2RlX2FsbG9jYXRhYmxlX3Jlc291cmNlc19lbnJpY2hlcjoge30KICAgIC0gbm9kZV9ydW5uaW5nX3BvZHNfZW5yaWNoZXI6IHt9CiAgICAtIHN0YXR1c19lbnJpY2hlcjoKICAgICAgICBzaG93X2RldGFpbHM6IHRydWUKICAgIC0gbm9kZV9kbWVzZ19lbnJpY2hlcjoge30KICAgIHRyaWdnZXJzOgogICAgLSBvbl9wcm9tZXRoZXVzX2FsZXJ0OgogICAgICAgIGFsZXJ0X25hbWU6IEt1YmVOb2RlTm90UmVhZHkKICAtIGFjdGlvbnM6CiAgICAtIHJlc291cmNlX2V2ZW50c19lbnJpY2hlcjoge30KICAgIC0gbm9kZV9zdGF0dXNfZW5yaWNoZXI6IHt9CiAgICB0cmlnZ2VyczoKICAgIC0gb25fcHJvbWV0aGV1c19hbGVydDoKICAgICAgICBhbGVydF9uYW1lOiBLdWJlTm9kZVVucmVhY2hhYmxlCiAgLSBhY3Rpb25zOgogICAgLSByZXNvdXJjZV9ldmVudHNfZW5yaWNoZXI6CiAgICAgICAgZGVwZW5kZW50X3BvZF9tb2RlOiB0cnVlCiAgICAtIHN0YXRlZnVsc2V0X3JlcGxpY2FzX2VucmljaGVyOiB7fQogICAgLSBwb2RfaXNzdWVfaW52ZXN0aWdhdG9yOiB7fQogICAgdHJpZ2dlcnM6CiAgICAtIG9uX3Byb21ldGhldXNfYWxlcnQ6CiAgICAgICAgYWxlcnRfbmFtZTogS3ViZVN0YXRlZnVsU2V0UmVwbGljYXNNaXNtYXRjaAogIC0gYWN0aW9uczoKICAgIC0gcmVsYXRlZF9wb2RzOiB7fQogICAgLSBzdGF0ZWZ1bHNldF9yZXBsaWNhc19lbnJpY2hlcjoge30KICAgIHRyaWdnZXJzOgogICAgLSBvbl9wcm9tZXRoZXVzX2FsZXJ0OgogICAgICAgIGFsZXJ0X25hbWU6IEt1YmVTdGF0ZWZ1bFNldFVwZGF0ZU5vdFJvbGxlZE91dAogIC0gYWN0aW9uczoKICAgIC0gcmVzb3VyY2VfZXZlbnRzX2VucmljaGVyOiB7fQogICAgLSByZWxhdGVkX3BvZHM6IHt9CiAgICAtIGRhZW1vbnNldF9zdGF0dXNfZW5yaWNoZXI6IHt9CiAgICB0cmlnZ2VyczoKICAgIC0gb25fcHJvbWV0aGV1c19hbGVydDoKICAgICAgICBhbGVydF9uYW1lOiBLdWJlRGFlbW9uU2V0Um9sbG91dFN0dWNrCiAgLSBhY3Rpb25zOgogICAgLSBkYWVtb25zZXRfc3RhdHVzX2VucmljaGVyOiB7fQogICAgLSBkYWVtb25zZXRfbWlzc2NoZWR1bGVkX2FuYWx5c2lzX2VucmljaGVyOiB7fQogICAgdHJpZ2dlcnM6CiAgICAtIG9uX3Byb21ldGhldXNfYWxlcnQ6CiAgICAgICAgYWxlcnRfbmFtZTogS3ViZXJuZXRlc0RhZW1vbnNldE1pc3NjaGVkdWxlZAogICAgLSBvbl9wcm9tZXRoZXVzX2FsZXJ0OgogICAgICAgIGFsZXJ0X25hbWU6IEt1YmVEYWVtb25TZXRNaXNTY2hlZHVsZWQKICAtIGFjdGlvbnM6CiAgICAtIG5vZGVfY3B1X2VucmljaGVyOiB7fQogICAgLSBhbGVydF9ncmFwaF9lbnJpY2hlcjoKICAgICAgICBpdGVtX3R5cGU6IE5vZGUKICAgICAgICByZXNvdXJjZV90eXBlOiBDUFUKICAgIHRyaWdnZXJzOgogICAgLSBvbl9wcm9tZXRoZXVzX2FsZXJ0OgogICAgICAgIGFsZXJ0X25hbWU6IEhvc3RIaWdoQ3B1TG9hZAogIC0gYWN0aW9uczoKICAgIC0gb29tX2tpbGxlcl9lbnJpY2hlcjoge30KICAgIC0gYWxlcnRfZ3JhcGhfZW5yaWNoZXI6CiAgICAgICAgaXRlbV90eXBlOiBOb2RlCiAgICAgICAgcmVzb3VyY2VfdHlwZTogTWVtb3J5CiAgICB0cmlnZ2VyczoKICAgIC0gb25fcHJvbWV0aGV1c19hbGVydDoKICAgICAgICBhbGVydF9uYW1lOiBIb3N0T29tS2lsbERldGVjdGVkCiAgLSBhY3Rpb25zOgogICAgLSBub2RlX2Rpc2tfYW5hbHl6ZXI6IHt9CiAgICAtIGFsZXJ0X2dyYXBoX2VucmljaGVyOgogICAgICAgIGl0ZW1fdHlwZTogTm9kZQogICAgICAgIHJlc291cmNlX3R5cGU6IERpc2sKICAgIHRyaWdnZXJzOgogICAgLSBvbl9wcm9tZXRoZXVzX2FsZXJ0OgogICAgICAgIGFsZXJ0X25hbWU6IE5vZGVGaWxlc3lzdGVtU3BhY2VGaWxsaW5nVXAKICAgIC0gb25fcHJvbWV0aGV1c19hbGVydDoKICAgICAgICBhbGVydF9uYW1lOiBOb2RlRmlsZXN5c3RlbUFsbW9zdE91dE9mU3BhY2UKICAtIGFjdGlvbnM6CiAgICAtIGNwdV90aHJvdHRsaW5nX2FuYWx5c2lzX2VucmljaGVyOiB7fQogICAgLSBhbGVydF9ncmFwaF9lbnJpY2hlcjoKICAgICAgICBpdGVtX3R5cGU6IFBvZAogICAgICAgIHJlc291cmNlX3R5cGU6IENQVQogICAgdHJpZ2dlcnM6CiAgICAtIG9uX3Byb21ldGhldXNfYWxlcnQ6CiAgICAgICAgYWxlcnRfbmFtZTogQ1BVVGhyb3R0bGluZ0hpZ2gKICAgICAgICBzdGF0dXM6IGFsbAogIC0gYWN0aW9uczoKICAgIC0gcG9kX2lzc3VlX2ludmVzdGlnYXRvcjoge30KICAgIC0gZGVwbG95bWVudF9ldmVudHNfZW5yaWNoZXI6CiAgICAgICAgaW5jbHVkZWRfdHlwZXM6CiAgICAgICAgLSBXYXJuaW5nCiAgICAtIGRlcGxveW1lbnRfZXZlbnRzX2VucmljaGVyOgogICAgICAgIGRlcGVuZGVudF9wb2RfbW9kZTogdHJ1ZQogICAgICAgIGluY2x1ZGVkX3R5cGVzOgogICAgICAgIC0gV2FybmluZwogICAgICAgIC0gTm9ybWFsCiAgICB0cmlnZ2VyczoKICAgIC0gb25fcHJvbWV0aGV1c19hbGVydDoKICAgICAgICBhbGVydF9uYW1lOiBLdWJlcm5ldGVzRGVwbG95bWVudFJlcGxpY2FzTWlzbWF0Y2gKICAgIC0gb25fcHJvbWV0aGV1c19hbGVydDoKICAgICAgICBhbGVydF9uYW1lOiBLdWJlRGVwbG95bWVudFJlcGxpY2FzTWlzbWF0Y2gKICAtIGFjdGlvbnM6CiAgICAtIGRlZmF1bHRfZW5yaWNoZXI6IHt9CiAgICB0cmlnZ2VyczoKICAgIC0gb25fcHJvbWV0aGV1c19hbGVydDoKICAgICAgICBzdGF0dXM6IGFsbAogIC0gYWN0aW9uczoKICAgIC0gYWxlcnRfZXhwbGFuYXRpb25fZW5yaWNoZXI6CiAgICAgICAgYWxlcnRfZXhwbGFuYXRpb246IFRoaXMgYWxlcnQgaXMgZmlyZWQgd2hlbiB0aGUgZmlsZSBzeXN0ZW0gaXMgcnVubmluZyBvdXQgb2YKICAgICAgICAgIHNwYWNlLgogICAgICAgIHJlY29tbWVuZGVkX3Jlc29sdXRpb246IFRoaXMgaXMgYSBjb21tb24gaXNzdWUgb24gbG9jYWwgY2x1c3RlcnMgYW5kIHdlIHJlY29tbWVuZAogICAgICAgICAgaW5jcmVhc2luZyB0aGUgbm9kZSBkaXNrIHNpemUgZm9yIHlvdXIgY2x1c3RlciB0byBydW4gb3B0aW1hbGx5LgogICAgdHJpZ2dlcnM6CiAgICAtIG9uX3Byb21ldGhldXNfYWxlcnQ6CiAgICAgICAgYWxlcnRfbmFtZTogTm9kZUZpbGVzeXN0ZW1TcGFjZUZpbGxpbmdVcAogICAgICAgIGs4c19wcm92aWRlcnM6CiAgICAgICAgLSBNaW5pa3ViZQogICAgICAgIC0gS2luZAogICAgICAgIC0gUmFuY2hlckRlc2t0b3AKICAgIC0gb25fcHJvbWV0aGV1c19hbGVydDoKICAgICAgICBhbGVydF9uYW1lOiBOb2RlRmlsZXN5c3RlbUFsbW9zdE91dE9mU3BhY2UKICAgICAgICBrOHNfcHJvdmlkZXJzOgogICAgICAgIC0gTWluaWt1YmUKICAgICAgICAtIEtpbmQKICAgICAgICAtIFJhbmNoZXJEZXNrdG9wCg==
kind: Secret
metadata:
  name: robusta-playbooks-config-secret
  namespace: syn-robusta
type: Opaque
